\BOOKMARK [0][-]{chapter.1}{\376\377\000E\000x\000e\000c\000u\000t\000i\000v\000e\000\040\000S\000u\000m\000m\000a\000r\000y}{}% 1
\BOOKMARK [1][-]{section.1.1}{\376\377\000O\000v\000e\000r\000v\000i\000e\000w}{chapter.1}% 2
\BOOKMARK [1][-]{section.1.2}{\376\377\000O\000v\000e\000r\000a\000l\000l\000\040\000A\000s\000s\000e\000s\000s\000m\000e\000n\000t}{chapter.1}% 3
\BOOKMARK [1][-]{section.1.3}{\376\377\000K\000e\000y\000\040\000F\000i\000n\000d\000i\000n\000g\000s}{chapter.1}% 4
\BOOKMARK [1][-]{section.1.4}{\376\377\000R\000e\000c\000o\000m\000m\000e\000n\000d\000a\000t\000i\000o\000n\000s}{chapter.1}% 5
\BOOKMARK [1][-]{section.1.5}{\376\377\000C\000o\000n\000c\000l\000u\000s\000i\000o\000n}{chapter.1}% 6
\BOOKMARK [0][-]{chapter.2}{\376\377\000E\000n\000g\000a\000g\000e\000m\000e\000n\000t\000\040\000H\000i\000g\000h\000l\000i\000g\000h\000t\000s}{}% 7
\BOOKMARK [1][-]{section.2.1}{\376\377\000O\000v\000e\000r\000v\000i\000e\000w}{chapter.2}% 8
\BOOKMARK [1][-]{section.2.2}{\376\377\000P\000u\000r\000p\000o\000s\000e\000\040\000a\000n\000d\000\040\000O\000b\000j\000e\000c\000t\000i\000v\000e\000s}{chapter.2}% 9
\BOOKMARK [1][-]{section.2.3}{\376\377\000S\000c\000o\000p\000e\000\040\000o\000f\000\040\000T\000e\000s\000t\000i\000n\000g}{chapter.2}% 10
\BOOKMARK [2][-]{subsection.2.3.1}{\376\377\000I\000n\000-\000S\000c\000o\000p\000e\000\040\000A\000s\000s\000e\000t\000s}{section.2.3}% 11
\BOOKMARK [2][-]{subsection.2.3.2}{\376\377\000O\000u\000t\000-\000o\000f\000-\000S\000c\000o\000p\000e\000\040\000A\000s\000s\000e\000t\000s}{section.2.3}% 12
\BOOKMARK [1][-]{section.2.4}{\376\377\000A\000u\000t\000h\000o\000r\000i\000z\000e\000d\000\040\000T\000e\000s\000t\000i\000n\000g\000\040\000A\000c\000t\000i\000v\000i\000t\000i\000e\000s}{chapter.2}% 13
\BOOKMARK [1][-]{section.2.5}{\376\377\000P\000r\000o\000h\000i\000b\000i\000t\000e\000d\000\040\000A\000c\000t\000i\000v\000i\000t\000i\000e\000s}{chapter.2}% 14
\BOOKMARK [1][-]{section.2.6}{\376\377\000T\000e\000s\000t\000i\000n\000g\000\040\000M\000e\000t\000h\000o\000d\000o\000l\000o\000g\000y}{chapter.2}% 15
\BOOKMARK [2][-]{subsection.2.6.1}{\376\377\000M\000e\000t\000h\000o\000d\000o\000l\000o\000g\000y}{section.2.6}% 16
\BOOKMARK [2][-]{subsection.2.6.2}{\376\377\000T\000o\000o\000l\000s}{section.2.6}% 17
\BOOKMARK [1][-]{section.2.7}{\376\377\000D\000a\000t\000a\000\040\000H\000a\000n\000d\000l\000i\000n\000g}{chapter.2}% 18
\BOOKMARK [1][-]{section.2.8}{\376\377\000R\000i\000s\000k\000\040\000M\000a\000n\000a\000g\000e\000m\000e\000n\000t}{chapter.2}% 19
\BOOKMARK [1][-]{section.2.9}{\376\377\000R\000e\000p\000o\000r\000t\000i\000n\000g\000\040\000a\000n\000d\000\040\000C\000o\000m\000m\000u\000n\000i\000c\000a\000t\000i\000o\000n}{chapter.2}% 20
\BOOKMARK [1][-]{section.2.10}{\376\377\000D\000u\000r\000a\000t\000i\000o\000n\000\040\000o\000f\000\040\000T\000e\000s\000t\000i\000n\000g}{chapter.2}% 21
\BOOKMARK [1][-]{section.2.11}{\376\377\000A\000u\000t\000h\000o\000r\000i\000z\000a\000t\000i\000o\000n}{chapter.2}% 22
\BOOKMARK [0][-]{chapter.3}{\376\377\000F\000i\000n\000d\000i\000n\000g\000s\000\040\000S\000u\000m\000m\000a\000r\000y}{}% 23
\BOOKMARK [1][-]{section.3.1}{\376\377\000O\000v\000e\000r\000v\000i\000e\000w}{chapter.3}% 24
\BOOKMARK [1][-]{section.3.2}{\376\377\000F\000i\000n\000d\000i\000n\000g\000s}{chapter.3}% 25
\BOOKMARK [0][-]{chapter.4}{\376\377\000V\000u\000l\000n\000e\000r\000a\000b\000i\000l\000i\000t\000y\000\040\000R\000e\000p\000o\000r\000t}{}% 26
\BOOKMARK [1][-]{section.4.1}{\376\377\000O\000v\000e\000r\000v\000i\000e\000w}{chapter.4}% 27
\BOOKMARK [1][-]{section.4.2}{\376\377\000V\000u\000l\000n\000e\000r\000a\000b\000i\000l\000i\000t\000i\000e\000s}{chapter.4}% 28
\BOOKMARK [2][-]{subsection.4.2.1}{\376\377\000M\000u\000l\000t\000i\000p\000l\000e\000\040\000C\000o\000r\000r\000o\000s\000i\000o\000n\000\040\000W\000e\000a\000k\000n\000e\000s\000s\000e\000s}{section.4.2}% 29
\BOOKMARK [2][-]{subsection.4.2.2}{\376\377\000A\000p\000a\000c\000h\000e\000\040\0002\000.\0004\000.\000x\000\040\000<\000\040\0002\000.\0004\000.\0005\0006\000\040\000M\000u\000l\000t\000i\000p\000l\000e\000\040\000V\000u\000l\000n\000e\000r\000a\000b\000i\000l\000i\000t\000i\000e\000s}{section.4.2}% 30
\BOOKMARK [2][-]{subsection.4.2.3}{\376\377\000A\000p\000a\000c\000h\000e\000\040\0002\000.\0004\000.\000x\000\040\000<\000\040\0002\000.\0004\000.\0006\0000\000\040\000M\000u\000l\000t\000i\000p\000l\000e\000\040\000V\000u\000l\000n\000e\000r\000a\000b\000i\000l\000i\000t\000i\000e\000s}{section.4.2}% 31
\BOOKMARK [2][-]{subsection.4.2.4}{\376\377\000A\000p\000a\000c\000h\000e\000\040\0002\000.\0004\000.\000x\000\040\000<\000\040\0002\000.\0004\000.\0006\0007\000\040\000M\000u\000l\000t\000i\000p\000l\000e\000\040\000V\000u\000l\000n\000e\000r\000a\000b\000i\000l\000i\000t\000i\000e\000s}{section.4.2}% 32
\BOOKMARK [2][-]{subsection.4.2.5}{\376\377\000A\000p\000a\000c\000h\000e\000\040\0002\000.\0004\000.\000x\000\040\000<\000\040\0002\000.\0004\000.\0004\0007\000\040\000M\000u\000l\000t\000i\000p\000l\000e\000\040\000V\000u\000l\000n\000e\000r\000a\000b\000i\000l\000i\000t\000i\000e\000s}{section.4.2}% 33
\BOOKMARK [2][-]{subsection.4.2.6}{\376\377\000A\000p\000a\000c\000h\000e\000\040\0002\000.\0004\000.\000x\000\040\000<\000\040\0002\000.\0004\000.\0005\0002\000\040\000m\000o\000d\000\137\000l\000u\000a\000\040\000B\000u\000f\000f\000e\000r\000\040\000O\000v\000e\000r\000f\000l\000o\000w}{section.4.2}% 34
\BOOKMARK [2][-]{subsection.4.2.7}{\376\377\000A\000p\000a\000c\000h\000e\000\040\0002\000.\0004\000.\000x\000\040\000<\000\040\0002\000.\0004\000.\0005\0003\000\040\000M\000u\000l\000t\000i\000p\000l\000e\000\040\000V\000u\000l\000n\000e\000r\000a\000b\000i\000l\000i\000t\000i\000e\000s}{section.4.2}% 35
\BOOKMARK [2][-]{subsection.4.2.8}{\376\377\000A\000p\000a\000c\000h\000e\000\040\0002\000.\0004\000.\000x\000\040\000<\000\040\0002\000.\0004\000.\0005\0004\000\040\000A\000u\000t\000h\000e\000n\000t\000i\000c\000a\000t\000i\000o\000n\000\040\000B\000y\000p\000a\000s\000s}{section.4.2}% 36
\BOOKMARK [2][-]{subsection.4.2.9}{\376\377\000A\000p\000a\000c\000h\000e\000\040\0002\000.\0004\000.\000x\000\040\000<\000\040\0002\000.\0004\000.\0005\0005\000\040\000M\000u\000l\000t\000i\000p\000l\000e\000\040\000V\000u\000l\000n\000e\000r\000a\000b\000i\000l\000i\000t\000i\000e\000s}{section.4.2}% 37
\BOOKMARK [2][-]{subsection.4.2.10}{\376\377\000A\000p\000a\000c\000h\000e\000\040\0002\000.\0004\000.\000x\000\040\000<\000\040\0002\000.\0004\000.\0005\0008\000\040\000M\000u\000l\000t\000i\000p\000l\000e\000\040\000V\000u\000l\000n\000e\000r\000a\000b\000i\000l\000i\000t\000i\000e\000s}{section.4.2}% 38
\BOOKMARK [2][-]{subsection.4.2.11}{\376\377\000A\000p\000a\000c\000h\000e\000\040\0002\000.\0004\000.\000x\000\040\000<\000\040\0002\000.\0004\000.\0005\0008\000\040\000O\000u\000t\000-\000o\000f\000-\000B\000o\000u\000n\000d\000s\000\040\000R\000e\000a\000d\000\040\000\050\000C\000V\000E\000-\0002\0000\0002\0003\000-\0003\0001\0001\0002\0002\000\051}{section.4.2}% 39
\BOOKMARK [2][-]{subsection.4.2.12}{\376\377\000A\000p\000a\000c\000h\000e\000\040\0002\000.\0004\000.\000x\000\040\000<\000\040\0002\000.\0004\000.\0005\0009\000\040\000M\000u\000l\000t\000i\000p\000l\000e\000\040\000V\000u\000l\000n\000e\000r\000a\000b\000i\000l\000i\000t\000i\000e\000s}{section.4.2}% 40
\BOOKMARK [2][-]{subsection.4.2.13}{\376\377\000A\000p\000a\000c\000h\000e\000\040\0002\000.\0004\000.\000x\000\040\000<\000\040\0002\000.\0004\000.\0006\0008\000\040\000M\000u\000l\000t\000i\000p\000l\000e\000\040\000V\000u\000l\000n\000e\000r\000a\000b\000i\000l\000i\000t\000i\000e\000s}{section.4.2}% 41
\BOOKMARK [2][-]{subsection.4.2.14}{\376\377\000A\000p\000a\000c\000h\000e\000\040\0002\000.\0004\000.\000x\000\040\000>\000=\000\040\0002\000.\0004\000.\0007\000\040\000/\000\040\000<\000\040\0002\000.\0004\000.\0005\0002\000\040\000F\000o\000r\000w\000a\000r\000d\000\040\000P\000r\000o\000x\000y\000\040\000D\000o\000S\000\040\000/\000\040\000S\000S\000R\000F}{section.4.2}% 42
\BOOKMARK [2][-]{subsection.4.2.15}{\376\377\000A\000p\000a\000c\000h\000e\000\040\000<\000\040\0002\000.\0004\000.\0004\0009\000\040\000M\000u\000l\000t\000i\000p\000l\000e\000\040\000V\000u\000l\000n\000e\000r\000a\000b\000i\000l\000i\000t\000i\000e\000s}{section.4.2}% 43
\BOOKMARK [2][-]{subsection.4.2.16}{\376\377\000A\000p\000a\000c\000h\000e\000\040\0002\000.\0004\000.\000x\000\040\000<\000\040\0002\000.\0004\000.\0005\0004\000\040\000H\000T\000T\000P\000\040\000R\000e\000q\000u\000e\000s\000t\000\040\000S\000m\000u\000g\000g\000l\000i\000n\000g\000\040\000V\000u\000l\000n\000e\000r\000a\000b\000i\000l\000i\000t\000y}{section.4.2}% 44
\BOOKMARK [2][-]{subsection.4.2.17}{\376\377\000A\000p\000a\000c\000h\000e\000\040\0002\000.\0004\000.\000x\000\040\000<\000\040\0002\000.\0004\000.\0005\0004\000\040\000M\000u\000l\000t\000i\000p\000l\000e\000\040\000V\000u\000l\000n\000e\000r\000a\000b\000i\000l\000i\000t\000i\000e\000s}{section.4.2}% 45
\BOOKMARK [2][-]{subsection.4.2.18}{\376\377\000A\000p\000a\000c\000h\000e\000\040\0002\000.\0004\000.\000x\000\040\000<\000\040\0002\000.\0004\000.\0005\0004\000\040\000M\000u\000l\000t\000i\000p\000l\000e\000\040\000V\000u\000l\000n\000e\000r\000a\000b\000i\000l\000i\000t\000i\000e\000s}{section.4.2}% 46
\BOOKMARK [2][-]{subsection.4.2.19}{\376\377\000A\000p\000a\000c\000h\000e\000\040\0002\000.\0004\000.\000x\000\040\000<\000\040\0002\000.\0004\000.\0005\0004\000\040\000M\000u\000l\000t\000i\000p\000l\000e\000\040\000V\000u\000l\000n\000e\000r\000a\000b\000i\000l\000i\000t\000i\000e\000s\000\040\000\050\000m\000o\000d\000\137\000l\000u\000a\000\051}{section.4.2}% 47
\BOOKMARK [2][-]{subsection.4.2.20}{\376\377\000A\000p\000a\000c\000h\000e\000\040\0002\000.\0004\000.\000x\000\040\000<\000\040\0002\000.\0004\000.\0005\0004\000\040\000O\000u\000t\000-\000O\000f\000-\000B\000o\000u\000n\000d\000s\000\040\000R\000e\000a\000d\000\040\000\050\000C\000V\000E\000-\0002\0000\0002\0002\000-\0002\0008\0003\0003\0000\000\051}{section.4.2}% 48
\BOOKMARK [2][-]{subsection.4.2.21}{\376\377\000A\000p\000a\000c\000h\000e\000\040\0002\000.\0004\000.\000x\000\040\000<\000\040\0002\000.\0004\000.\0006\0004\000\040\000M\000u\000l\000t\000i\000p\000l\000e\000\040\000V\000u\000l\000n\000e\000r\000a\000b\000i\000l\000i\000t\000i\000e\000s}{section.4.2}% 49
\BOOKMARK [2][-]{subsection.4.2.22}{\376\377\000A\000p\000a\000c\000h\000e\000\040\000<\000\040\0002\000.\0004\000.\0004\0009\000\040\000M\000u\000l\000t\000i\000p\000l\000e\000\040\000V\000u\000l\000n\000e\000r\000a\000b\000i\000l\000i\000t\000i\000e\000s}{section.4.2}% 50
\BOOKMARK [2][-]{subsection.4.2.23}{\376\377\000A\000p\000a\000c\000h\000e\000\040\000>\000=\000\040\0002\000.\0004\000.\0001\0007\000\040\000<\000\040\0002\000.\0004\000.\0004\0009\000\040\000m\000o\000d\000\137\000h\000t\000t\000p\0002}{section.4.2}% 51
\BOOKMARK [2][-]{subsection.4.2.24}{\376\377\000A\000p\000a\000c\000h\000e\000\040\000>\000=\000\040\0002\000.\0004\000.\0003\0000\000\040\000<\000\040\0002\000.\0004\000.\0004\0009\000\040\000m\000o\000d\000\137\000p\000r\000o\000x\000y\000\137\000u\000w\000s\000g\000i}{section.4.2}% 52
\BOOKMARK [2][-]{subsection.4.2.25}{\376\377\000A\000p\000a\000c\000h\000e\000\040\000D\000e\000f\000a\000u\000l\000t\000\040\000I\000n\000d\000e\000x\000\040\000P\000a\000g\000e}{section.4.2}% 53
\BOOKMARK [2][-]{subsection.4.2.26}{\376\377\000A\000p\000a\000c\000h\000e\000\040\000S\000e\000r\000v\000e\000r\000T\000o\000k\000e\000n\000s\000\040\000I\000n\000f\000o\000r\000m\000a\000t\000i\000o\000n\000\040\000D\000i\000s\000c\000l\000o\000s\000u\000r\000e}{section.4.2}% 54
\BOOKMARK [2][-]{subsection.4.2.27}{\376\377\000W\000e\000b\000\040\000S\000e\000r\000v\000e\000r\000\040\000E\000r\000r\000o\000r\000\040\000P\000a\000g\000e\000\040\000I\000n\000f\000o\000r\000m\000a\000t\000i\000o\000n\000\040\000D\000i\000s\000c\000l\000o\000s\000u\000r\000e}{section.4.2}% 55
\BOOKMARK [2][-]{subsection.4.2.28}{\376\377\000W\000e\000b\000\040\000S\000e\000r\000v\000e\000r\000\040\000H\000T\000T\000P\000\040\000H\000e\000a\000d\000e\000r\000\040\000I\000n\000f\000o\000r\000m\000a\000t\000i\000o\000n\000\040\000D\000i\000s\000c\000l\000o\000s\000u\000r\000e}{section.4.2}% 56
\BOOKMARK [2][-]{subsection.4.2.29}{\376\377\000L\000i\000n\000u\000x\000\040\000K\000e\000r\000n\000e\000l\000\040\000L\000o\000c\000a\000l\000\040\000P\000r\000i\000v\000i\000l\000e\000g\000e\000\040\000E\000s\000c\000a\000l\000a\000t\000i\000o\000n}{section.4.2}% 57
\BOOKMARK [0][-]{chapter.5}{\376\377\000R\000e\000m\000e\000d\000i\000a\000t\000i\000o\000n\000\040\000R\000e\000p\000o\000r\000t}{}% 58
\BOOKMARK [1][-]{section.5.1}{\376\377\000O\000v\000e\000r\000v\000i\000e\000w}{chapter.5}% 59
\BOOKMARK [1][-]{section.5.2}{\376\377\000R\000e\000m\000e\000d\000i\000a\000t\000i\000o\000n\000s}{chapter.5}% 60
\BOOKMARK [2][-]{subsection.5.2.1}{\376\377\000I\000m\000m\000e\000d\000i\000a\000t\000e\000\040\000M\000i\000t\000i\000g\000a\000t\000i\000o\000n}{section.5.2}% 61
\BOOKMARK [2][-]{subsection.5.2.2}{\376\377\000S\000o\000f\000t\000w\000a\000r\000e\000\040\000U\000p\000g\000r\000a\000d\000e\000s}{section.5.2}% 62
\BOOKMARK [0][-]{chapter.6}{\376\377\000D\000e\000t\000a\000i\000l\000e\000d\000\040\000S\000u\000m\000m\000a\000r\000y}{}% 63
\BOOKMARK [1][-]{section.6.1}{\376\377\000O\000v\000e\000r\000v\000i\000e\000w}{chapter.6}% 64
\BOOKMARK [1][-]{section.6.2}{\376\377\000E\000x\000p\000l\000o\000i\000t\000i\000n\000g\000\040\000s\000e\000v\000e\000r\000a\000l\000\040\000v\000u\000l\000n\000e\000r\000a\000b\000i\000l\000i\000t\000i\000e\000s}{chapter.6}% 65
\BOOKMARK [2][-]{subsection.6.2.1}{\376\377\000I\000d\000e\000n\000t\000i\000f\000y\000i\000n\000g\000\040\000P\000o\000t\000e\000n\000t\000i\000a\000l\000\040\000E\000n\000t\000r\000y\000\040\000P\000o\000i\000n\000t\000s}{section.6.2}% 66
\BOOKMARK [2][-]{subsection.6.2.2}{\376\377\000I\000n\000i\000t\000i\000a\000l\000\040\000A\000c\000c\000e\000s\000s\000\040\000T\000h\000r\000o\000u\000g\000h\000\040\000L\000o\000c\000a\000l\000\040\000F\000i\000l\000e\000\040\000I\000n\000c\000l\000u\000s\000i\000o\000n}{section.6.2}% 67
\BOOKMARK [2][-]{subsection.6.2.3}{\376\377\000L\000F\000I\000-\000t\000o\000-\000R\000C\000E\000\040\000E\000s\000c\000a\000l\000a\000t\000i\000o\000n\000\040\000T\000h\000r\000o\000u\000g\000h\000\040\000L\000o\000g\000\040\000P\000o\000i\000s\000o\000n\000i\000n\000g}{section.6.2}% 68
\BOOKMARK [2][-]{subsection.6.2.4}{\376\377\000E\000s\000t\000a\000b\000l\000i\000s\000h\000i\000n\000g\000\040\000a\000\040\000R\000e\000v\000e\000r\000s\000e\000\040\000S\000h\000e\000l\000l}{section.6.2}% 69
\BOOKMARK [2][-]{subsection.6.2.5}{\376\377\000P\000o\000s\000t\000-\000E\000x\000p\000l\000o\000i\000t\000a\000t\000i\000o\000n\000\040\000a\000n\000d\000\040\000C\000r\000e\000d\000e\000n\000t\000i\000a\000l\000\040\000D\000i\000s\000c\000o\000v\000e\000r\000y}{section.6.2}% 70
\BOOKMARK [2][-]{subsection.6.2.6}{\376\377\000L\000o\000c\000a\000l\000\040\000P\000r\000i\000v\000i\000l\000e\000g\000e\000\040\000E\000s\000c\000a\000l\000a\000t\000i\000o\000n}{section.6.2}% 71
\BOOKMARK [2][-]{subsection.6.2.7}{\376\377\000R\000o\000o\000t\000\040\000P\000r\000i\000v\000i\000l\000e\000g\000e\000\040\000E\000s\000c\000a\000l\000a\000t\000i\000o\000n}{section.6.2}% 72
\BOOKMARK [2][-]{subsection.6.2.8}{\376\377\000A\000t\000t\000a\000c\000k\000\040\000C\000h\000a\000i\000n\000\040\000a\000n\000d\000\040\000O\000v\000e\000r\000a\000l\000l\000\040\000I\000m\000p\000a\000c\000t}{section.6.2}% 73
